mysql> create database moviebuzz;
Query OK, 1 row affected (0.00 sec)

mysql> create table MovieMaster.root( movie_id VARCHAR(32) NULL,
    -> movie_name VARCHAR(150) NULL,
    -> movie_timing DATE NULL,
    -> movie_location VARCHAR(120) NULL);
ERROR 1049 (42000): Unknown database 'MovieMaster'
mysql> create table moviebuzz.movie_master( movie_id VARCHAR(32) NULL, movie_name VARCHAR(150) NULL, movie_timing DATE NULL, movie_location VARCHAR(120) NULL);
Query OK, 0 rows affected (0.45 sec)

mysql>


mysql> INSERT INTO moviebuzz.movie_master(movie_id, movie_name, movie_timing ) VALUES ('AEEFEF12233','Batman vs Superman', '2015-11-05 14:29:36');
Query OK, 1 row affected, 1 warning (0.08 sec)



mysql> ALTER table moviebuzz.movie_master add inserted_date DATE;
Query OK, 0 rows affected (0.97 sec)
Records: 0  Duplicates: 0  Warnings: 0

DDL

CREATE TABLE `movie_master` (
  `movie_id` varchar(120) DEFAULT NULL,
  `movie_name` varchar(150) DEFAULT NULL,
  `movie_timing` timestamp NOT NULL DEFAULT CURRENT_TIMESTAMP ON UPDATE CURRENT_TIMESTAMP,
  `movie_location` varchar(120) DEFAULT NULL,
  `inserted_date` date DEFAULT NULL,
  `added_by` varchar(50) DEFAULT NULL


 CREATE TABLE `user` (
  `user_id` varchar(32) DEFAULT NULL,
  `user_name` varchar(150) DEFAULT NULL,
  `user_password` varchar(40) DEFAULT NULL
)







